Vivado Simulator v2025.2
Copyright 1986-2022 Xilinx, Inc. All Rights Reserved.
Copyright 2022-2025 Advanced Micro Devices, Inc. All Rights Reserved.
Running: C:/vivado/2025.2/Vivado/bin/unwrapped/win64.o/xelab.exe --incr --debug typical --relax --mt 2 -L xil_defaultlib -L unisims_ver -L unimacro_ver -L secureip --snapshot tb_behav xil_defaultlib.tb xil_defaultlib.glbl -log elaborate.log 
Using 2 slave threads.
Starting static elaboration
Pass Through NonSizing Optimizer
Completed static elaboration
Starting simulation data flow analysis
WARNING: [XSIM 43-4099] "C:/maven/ahb2apb_bridge/ahb2apb_bridge.srcs/sim_1/new/tb.v" Line 1. Module tb doesn't have a timescale but at least one module in design has a timescale.
WARNING: [XSIM 43-4099] "C:/maven/ahb2apb_bridge/ahb2apb_bridge.srcs/sources_1/new/Top.v" Line 1. Module bridge doesn't have a timescale but at least one module in design has a timescale.
WARNING: [XSIM 43-4099] "C:/maven/ahb2apb_bridge/ahb2apb_bridge.srcs/sources_1/new/AHB_slave_interface.v" Line 1. Module AHB_slave_interface doesn't have a timescale but at least one module in design has a timescale.
WARNING: [XSIM 43-4099] "C:/maven/ahb2apb_bridge/ahb2apb_bridge.srcs/sources_1/new/APB_controller.v" Line 1. Module APB_controller doesn't have a timescale but at least one module in design has a timescale.
Completed simulation data flow analysis
Time Resolution for simulation is 1ps
Compiling module xil_defaultlib.AHB_slave_interface
Compiling module xil_defaultlib.APB_controller
Compiling module xil_defaultlib.bridge
Compiling module xil_defaultlib.tb
Compiling module xil_defaultlib.glbl
Built simulation snapshot tb_behav
